###############################################################################
#
# IAR ELF Linker V7.80.3.12102/W32 for ARM                17/Jul/2017  08:48:31
# Copyright 2007-2016 IAR Systems AB.
#
#    Output file  =  
#        D:\ZIX_GS\Software\IAR\Boards\ST\IAR\Debug\Exe\MDA_DSSR.out
#    Map file     =  
#        D:\ZIX_GS\Software\IAR\Boards\ST\IAR\Debug\List\MDA_DSSR.map
#    Command line =  
#        D:\ZIX_GS\Software\IAR\Boards\ST\IAR\Debug\Obj\app.o
#        D:\ZIX_GS\Software\IAR\Boards\ST\IAR\Debug\Obj\app_vect_v5.o
#        D:\ZIX_GS\Software\IAR\Boards\ST\IAR\Debug\Obj\bsp.o
#        D:\ZIX_GS\Software\IAR\Boards\ST\IAR\Debug\Obj\bsp_int.o
#        D:\ZIX_GS\Software\IAR\Boards\ST\IAR\Debug\Obj\bsp_periph.o
#        D:\ZIX_GS\Software\IAR\Boards\ST\IAR\Debug\Obj\cpu_a.o
#        D:\ZIX_GS\Software\IAR\Boards\ST\IAR\Debug\Obj\cpu_c.o
#        D:\ZIX_GS\Software\IAR\Boards\ST\IAR\Debug\Obj\gs.o
#        D:\ZIX_GS\Software\IAR\Boards\ST\IAR\Debug\Obj\os_core.o
#        D:\ZIX_GS\Software\IAR\Boards\ST\IAR\Debug\Obj\os_cpu_a.o
#        D:\ZIX_GS\Software\IAR\Boards\ST\IAR\Debug\Obj\os_cpu_c.o
#        D:\ZIX_GS\Software\IAR\Boards\ST\IAR\Debug\Obj\os_dbg.o
#        D:\ZIX_GS\Software\IAR\Boards\ST\IAR\Debug\Obj\os_flag.o
#        D:\ZIX_GS\Software\IAR\Boards\ST\IAR\Debug\Obj\os_mbox.o
#        D:\ZIX_GS\Software\IAR\Boards\ST\IAR\Debug\Obj\os_mem.o
#        D:\ZIX_GS\Software\IAR\Boards\ST\IAR\Debug\Obj\os_mutex.o
#        D:\ZIX_GS\Software\IAR\Boards\ST\IAR\Debug\Obj\os_q.o
#        D:\ZIX_GS\Software\IAR\Boards\ST\IAR\Debug\Obj\os_sem.o
#        D:\ZIX_GS\Software\IAR\Boards\ST\IAR\Debug\Obj\os_task.o
#        D:\ZIX_GS\Software\IAR\Boards\ST\IAR\Debug\Obj\os_time.o
#        D:\ZIX_GS\Software\IAR\Boards\ST\IAR\Debug\Obj\os_tmr.o
#        D:\ZIX_GS\Software\IAR\Boards\ST\IAR\Debug\Obj\stm32f10x_adc.o
#        D:\ZIX_GS\Software\IAR\Boards\ST\IAR\Debug\Obj\stm32f10x_bkp.o
#        D:\ZIX_GS\Software\IAR\Boards\ST\IAR\Debug\Obj\stm32f10x_can.o
#        D:\ZIX_GS\Software\IAR\Boards\ST\IAR\Debug\Obj\stm32f10x_crc.o
#        D:\ZIX_GS\Software\IAR\Boards\ST\IAR\Debug\Obj\stm32f10x_dac.o
#        D:\ZIX_GS\Software\IAR\Boards\ST\IAR\Debug\Obj\stm32f10x_dbgmcu.o
#        D:\ZIX_GS\Software\IAR\Boards\ST\IAR\Debug\Obj\stm32f10x_dma.o
#        D:\ZIX_GS\Software\IAR\Boards\ST\IAR\Debug\Obj\stm32f10x_exti.o
#        D:\ZIX_GS\Software\IAR\Boards\ST\IAR\Debug\Obj\stm32f10x_flash.o
#        D:\ZIX_GS\Software\IAR\Boards\ST\IAR\Debug\Obj\stm32f10x_fsmc.o
#        D:\ZIX_GS\Software\IAR\Boards\ST\IAR\Debug\Obj\stm32f10x_gpio.o
#        D:\ZIX_GS\Software\IAR\Boards\ST\IAR\Debug\Obj\stm32f10x_i2c.o
#        D:\ZIX_GS\Software\IAR\Boards\ST\IAR\Debug\Obj\stm32f10x_iwdg.o
#        D:\ZIX_GS\Software\IAR\Boards\ST\IAR\Debug\Obj\stm32f10x_lib.o
#        D:\ZIX_GS\Software\IAR\Boards\ST\IAR\Debug\Obj\stm32f10x_nvic.o
#        D:\ZIX_GS\Software\IAR\Boards\ST\IAR\Debug\Obj\stm32f10x_pwr.o
#        D:\ZIX_GS\Software\IAR\Boards\ST\IAR\Debug\Obj\stm32f10x_rcc.o
#        D:\ZIX_GS\Software\IAR\Boards\ST\IAR\Debug\Obj\stm32f10x_rtc.o
#        D:\ZIX_GS\Software\IAR\Boards\ST\IAR\Debug\Obj\stm32f10x_sdio.o
#        D:\ZIX_GS\Software\IAR\Boards\ST\IAR\Debug\Obj\stm32f10x_spi.o
#        D:\ZIX_GS\Software\IAR\Boards\ST\IAR\Debug\Obj\stm32f10x_systick.o
#        D:\ZIX_GS\Software\IAR\Boards\ST\IAR\Debug\Obj\stm32f10x_tim.o
#        D:\ZIX_GS\Software\IAR\Boards\ST\IAR\Debug\Obj\stm32f10x_usart.o
#        D:\ZIX_GS\Software\IAR\Boards\ST\IAR\Debug\Obj\stm32f10x_wwdg.o -o
#        D:\ZIX_GS\Software\IAR\Boards\ST\IAR\Debug\Exe\MDA_DSSR.out --map
#        D:\ZIX_GS\Software\IAR\Boards\ST\IAR\Debug\List\MDA_DSSR.map --config
#        "C:\Program Files\IAR Systems\Embedded Workbench
#        7.5\arm\config\linker\ST\stm32f101x8.icf" --semihosting --entry
#        __iar_program_start --vfe
#
###############################################################################

*******************************************************************************
*** RUNTIME MODEL ATTRIBUTES
***

CppFlavor       = *
__Heap_Handler  = Basic
__SystemLibrary = DLib


*******************************************************************************
*** PLACEMENT SUMMARY
***

"A0":  place at 0x08000000 { ro section .intvec };
"P1":  place in [from 0x08000000 to 0x0800ffff] { ro };
"P2":  place in [from 0x20000000 to 0x200027ff] { rw, block CSTACK, block HEAP };
initialize by copy { rw };

  Section             Kind        Address    Size  Object
  -------             ----        -------    ----  ------
"A0":                                       0x130
  .intvec             const    0x08000000   0x130  app_vect_v5.o [1]
                             - 0x08000130   0x130

"P1":                                      0x7770
  .text               ro code  0x08000130   0xe3c  app.o [1]
  .text               ro code  0x08000f6c   0x2a0  bsp_int.o [1]
  .text               ro code  0x0800120c   0x9f8  os_core.o [1]
  .text               ro code  0x08001c04   0x348  os_task.o [1]
  .text               ro code  0x08001f4c   0x3ce  bsp.o [1]
  .text               ro code  0x0800231a    0x1e  xsscin.o [3]
  .text               ro code  0x08002338   0x124  os_cpu_c.o [1]
  .text               ro code  0x0800245c   0xd30  gs.o [1]
  .text               ro code  0x0800318c    0x78  os_time.o [1]
  .text               ro code  0x08003204   0x15c  stm32f10x_gpio.o [1]
  .text               ro code  0x08003360    0x10  gs.o [1]
  .text               ro code  0x08003370    0x66  ABImemset.o [5]
  .text               ro code  0x080033d6     0xa  xsprout.o [3]
  .text               ro code  0x080033e0    0x2e  stm32f10x_bkp.o [1]
  .rodata             const    0x0800340e     0x2  os_dbg.o [1]
  .text               ro code  0x08003410    0x76  ABImemcpy_unaligned.o [5]
  .rodata             const    0x08003486     0x2  os_dbg.o [1]
  .text               ro code  0x08003488    0xa0  stm32f10x_rtc.o [1]
  .text               ro code  0x08003528    0x24  sscanf.o [3]
  .text               ro code  0x0800354c    0x34  sprintf.o [3]
  .text               ro code  0x08003580    0x1c  strcat.o [3]
  .text               ro code  0x0800359c    0x30  I32ToDbl.o [4]
  .text               ro code  0x080035cc   0x1a2  DblMul.o [4]
  .rodata             const    0x0800376e     0x2  os_dbg.o [1]
  .text               ro code  0x08003770    0x36  strlen.o [5]
  .rodata             const    0x080037a6     0x2  os_dbg.o [1]
  .text               ro code  0x080037a8    0x38  stm32f10x_iwdg.o [1]
  CODE                ro code  0x080037e0    0x2a  cpu_a.o [1]
  .rodata             const    0x0800380a     0x2  os_dbg.o [1]
  CODE                ro code  0x0800380c    0xa0  os_cpu_a.o [1]
  .text               ro code  0x080038ac    0x40  os_q.o [1]
  .text               ro code  0x080038ec   0x538  os_tmr.o [1]
  .text               ro code  0x08003e24   0x16c  os_dbg.o [1]
  .text               ro code  0x08003f90   0x394  stm32f10x_rcc.o [1]
  .text               ro code  0x08004324   0x20e  stm32f10x_flash.o [1]
  .rodata             const    0x08004532     0x2  os_dbg.o [1]
  .text               ro code  0x08004534    0xf4  stm32f10x_tim.o [1]
  .text               ro code  0x08004628   0x1ca  stm32f10x_usart.o [1]
  .rodata             const    0x080047f2     0x2  os_dbg.o [1]
  .text               ro code  0x080047f4    0xb8  stm32f10x_nvic.o [1]
  .text               ro code  0x080048ac   0x24e  stm32f10x_adc.o [1]
  .rodata             const    0x08004afa     0x2  os_dbg.o [1]
  .text               ro code  0x08004afc     0xc  stm32f10x_pwr.o [1]
  .text               ro code  0x08004b08    0xb6  localtim.o [3]
  .rodata             const    0x08004bbe     0x2  os_dbg.o [1]
  .text               ro code  0x08004bc0    0xd0  mktime.o [3]
  .text               ro code  0x08004c90   0x2d6  os_sem.o [1]
  .rodata             const    0x08004f66     0x2  os_dbg.o [1]
  .text               ro code  0x08004f68    0x32  I32ToFlt.o [4]
  .rodata             const    0x08004f9a     0x2  os_dbg.o [1]
  .text               ro code  0x08004f9c    0x4e  FltToDbl.o [4]
  .rodata             const    0x08004fea     0x2  os_dbg.o [1]
  .text               ro code  0x08004fec   0x256  DblDiv.o [4]
  .rodata             const    0x08005242     0x2  os_dbg.o [1]
  .text               ro code  0x08005244    0x58  DblToI32.o [4]
  .text               ro code  0x0800529c    0xfc  FltDiv.o [4]
  .text               ro code  0x08005398    0xd8  FltMul.o [4]
  .text               ro code  0x08005470    0x84  FltAdd.o [4]
  .text               ro code  0x080054f4    0x44  FltToS32.o [4]
  .text               ro code  0x08005538    0x2c  strncmp.o [3]
  .text               ro code  0x08005564    0x2e  strstr.o [3]
  .rodata             const    0x08005592     0x2  os_dbg.o [1]
  .text               ro code  0x08005594   0x510  xscanfsmall_nomb.o [3]
  .text               ro code  0x08005aa4   0xc2a  xprintflarge_nomb.o [3]
  .text               ro code  0x080066ce     0x2  xtls.o [3]
  .text               ro code  0x080066d0    0x29  setlocale.o [3]
  .rodata             const    0x080066fa     0x2  os_dbg.o [1]
  .text               ro code  0x080066fc     0xa  getzone.o [3]
  .text               ro code  0x08006706    0x42  xgettime.o [3]
  .text               ro code  0x08006748    0x86  xstol.o [3]
  .rodata             const    0x080067ce     0x2  os_dbg.o [1]
  .text               ro code  0x080067d0   0x188  xttotm.o [3]
  .text               ro code  0x08006958    0xd6  FltSub.o [4]
  .rodata             const    0x08006a2e     0x2  os_dbg.o [1]
  .text               ro code  0x08006a30    0x16  strchr.o [5]
  .rodata             const    0x08006a46     0x2  os_dbg.o [1]
  .text               ro code  0x08006a48   0x19c  xstoul.o [3]
  .text               ro code  0x08006be4    0x58  memchr.o [5]
  .text               ro code  0x08006c3c    0xee  I64DivMod.o [5]
  .text               ro code  0x08006d2a    0x44  xdnorm.o [4]
  .rodata             const    0x08006d6e     0x2  os_dbg.o [1]
  .text               ro code  0x08006d70    0x2e  DblCmpLe.o [4]
  .rodata             const    0x08006d9e     0x2  os_dbg.o [1]
  .text               ro code  0x08006da0   0x180  DblSub.o [4]
  .text               ro code  0x08006f20     0xe  div.o [3]
  .rodata             const    0x08006f2e     0x2  os_dbg.o [1]
  .text               ro code  0x08006f30     0xc  errno.o [3]
  .text               ro code  0x08006f3c   0x134  xisdst.o [3]
  .text               ro code  0x08007070     0x2  I64DivZer.o [5]
  .rodata             const    0x08007072     0x2  os_dbg.o [1]
  .text               ro code  0x08007074    0xd4  DblAdd.o [4]
  .text               ro code  0x08007148   0x15e  xgetdst.o [3]
  .rodata             const    0x080072a6     0x2  os_dbg.o [1]
  .text               ro code  0x080072a8    0x80  xxmemxfree.o [3]
  .text               ro code  0x08007328    0xb0  xxmemxmalloc.o [3]
  .text               ro code  0x080073d8    0x2c  xgetmemchunk.o [3]
  .rodata             const    0x08007404   0x100  os_core.o [1]
  .text               ro code  0x08007504    0x40  zero_init3.o [5]
  .text               ro code  0x08007544    0x38  packbits_init_single.o [5]
  .rodata             const    0x0800757c    0x30  gs.o [1]
  .rodata             const    0x080075ac    0x2c  app.o [1]
  .text               ro code  0x080075d8    0x28  data_init.o [5]
  .iar.init_table     const    0x08007600    0x20  - Linker created -
  .rodata             const    0x08007620    0x20  app.o [1]
  .rodata             const    0x08007640    0x1c  app.o [1]
  .text               ro code  0x0800765c    0x1a  cmain.o [5]
  .text               ro code  0x08007676     0x4  low_level_init.o [3]
  .text               ro code  0x0800767a     0x4  exit.o [3]
  .rodata             const    0x0800767e     0x2  os_dbg.o [1]
  .text               ro code  0x08007680     0xa  cexit.o [5]
  .rodata             const    0x0800768a     0x2  os_dbg.o [1]
  .text               ro code  0x0800768c    0x14  exit.o [6]
  .rodata             const    0x080076a0    0x14  app.o [1]
  .rodata             const    0x080076b4    0x10  app.o [1]
  .rodata             const    0x080076c4    0x10  app.o [1]
  .rodata             const    0x080076d4    0x10  app.o [1]
  .rodata             const    0x080076e4    0x10  app.o [1]
  .rodata             const    0x080076f4    0x10  app.o [1]
  .rodata             const    0x08007704    0x10  app.o [1]
  .rodata             const    0x08007714    0x10  app.o [1]
  .rodata             const    0x08007724    0x10  app.o [1]
  .rodata             const    0x08007734    0x10  stm32f10x_rcc.o [1]
  .rodata             const    0x08007744     0xc  app.o [1]
  .rodata             const    0x08007750     0xc  app.o [1]
  .rodata             const    0x0800775c     0xc  app.o [1]
  .rodata             const    0x08007768     0xc  app.o [1]
  .rodata             const    0x08007774     0xc  app.o [1]
  .rodata             const    0x08007780     0xc  app.o [1]
  .rodata             const    0x0800778c     0xc  app.o [1]
  .rodata             const    0x08007798     0xc  app.o [1]
  .rodata             const    0x080077a4     0xc  app.o [1]
  .rodata             const    0x080077b0     0xc  os_tmr.o [1]
  .rodata             const    0x080077bc     0xc  os_tmr.o [1]
  .text               ro code  0x080077c8     0xc  app_vect_v5.o [1]
  .text               ro code  0x080077d4     0xc  cstartup_M.o [5]
  .rodata             const    0x080077e0     0x8  app.o [1]
  .rodata             const    0x080077e8     0x8  app.o [1]
  .rodata             const    0x080077f0     0x8  app.o [1]
  .rodata             const    0x080077f8     0x8  app.o [1]
  .rodata             const    0x08007800     0x8  app.o [1]
  .rodata             const    0x08007808     0x8  app.o [1]
  .rodata             const    0x08007810     0x8  app.o [1]
  .rodata             const    0x08007818     0x8  app.o [1]
  .rodata             const    0x08007820     0x8  app.o [1]
  .rodata             const    0x08007828     0x8  app.o [1]
  .rodata             const    0x08007830     0x8  app.o [1]
  .rodata             const    0x08007838     0x8  app.o [1]
  .rodata             const    0x08007840     0x8  gs.o [1]
  .rodata             const    0x08007848     0x8  gs.o [1]
  .rodata             const    0x08007850     0x8  gs.o [1]
  .rodata             const    0x08007858     0x8  os_core.o [1]
  .rodata             const    0x08007860     0x8  os_core.o [1]
  .rodata             const    0x08007868     0x8  os_tmr.o [1]
  .rodata             const    0x08007870     0x4  os_dbg.o [1]
  .rodata             const    0x08007874     0x4  stm32f10x_rcc.o [1]
  .rodata             const    0x08007878     0x2  os_dbg.o [1]
  .rodata             const    0x0800787a     0x2  os_dbg.o [1]
  .rodata             const    0x0800787c     0x2  os_dbg.o [1]
  .rodata             const    0x0800787e     0x2  os_dbg.o [1]
  .rodata             const    0x08007880     0x2  os_dbg.o [1]
  .rodata             const    0x08007882     0x2  os_dbg.o [1]
  .rodata             const    0x08007884     0x2  os_dbg.o [1]
  .rodata             const    0x08007886     0x2  os_dbg.o [1]
  .rodata             const    0x08007888     0x2  os_dbg.o [1]
  .rodata             const    0x0800788a     0x2  os_dbg.o [1]
  .rodata             const    0x0800788c     0x2  os_dbg.o [1]
  .rodata             const    0x0800788e     0x2  os_dbg.o [1]
  .rodata             const    0x08007890     0x2  os_dbg.o [1]
  .rodata             const    0x08007892     0x2  os_dbg.o [1]
  .rodata             const    0x08007894     0x2  os_dbg.o [1]
  .rodata             const    0x08007896     0x2  os_dbg.o [1]
  .rodata             const    0x08007898     0x2  os_dbg.o [1]
  .rodata             const    0x0800789a     0x2  os_dbg.o [1]
  .rodata             const    0x0800789c     0x2  os_dbg.o [1]
  .rodata             const    0x0800789e     0x0  zero_init3.o [5]
  .rodata             const    0x0800789e     0x0  packbits_init_single.o [5]
  Initializer bytes   const    0x0800789e     0x2  <for P2-1>
                             - 0x080078a0  0x7770

"P2", part 1 of 3:                           0x48
  P2-1                         0x20000000    0x48  <Init block>
    __DLIB_PERTHREAD  inited   0x20000000     0x8  localtim.o [3]
    __DLIB_PERTHREAD  inited   0x20000008     0x8  setlocale.o [3]
    __DLIB_PERTHREAD  inited   0x20000010    0x2c  xttotm.o [3]
    __DLIB_PERTHREAD  inited   0x2000003c     0x4  errno.o [3]
    __DLIB_PERTHREAD  inited   0x20000040     0x4  xisdst.o [3]
    __DLIB_PERTHREAD  inited   0x20000044     0x4  xisdstData.o [3]
                             - 0x20000048    0x48

"P2", part 2 of 3:                         0x1000
  CSTACK                       0x20000048   0x800  <Block>
    CSTACK            uninit   0x20000048   0x800  <Block tail>
  HEAP                         0x20000848   0x800  <Block>
    HEAP              uninit   0x20000848   0x800  <Block tail>
                             - 0x20001048  0x1000

"P2", part 3 of 3:                         0x1754
  .bss                zero     0x20001048   0x750  app.o [1]
  .bss                zero     0x20001798   0x280  os_core.o [1]
  .bss                zero     0x20001a18   0x280  os_core.o [1]
  .bss                zero     0x20001c98   0x230  os_core.o [1]
  .bss                zero     0x20001ec8   0x200  app.o [1]
  .bss                zero     0x200020c8   0x180  os_core.o [1]
  .bss                zero     0x20002248    0xf0  bsp_int.o [1]
  .bss                zero     0x20002338    0xc8  app.o [1]
  .bss                zero     0x20002400    0xa0  os_core.o [1]
  .bss                zero     0x200024a0    0x80  os_core.o [1]
  .bss                zero     0x20002520    0x78  os_core.o [1]
  .bss                zero     0x20002598    0x58  os_core.o [1]
  .bss                zero     0x200025f0    0x40  os_core.o [1]
  .bss                zero     0x20002630    0x2c  gs.o [1]
  .bss                zero     0x2000265c    0x1c  app.o [1]
  .bss                zero     0x20002678    0x14  bsp.o [1]
  .bss                zero     0x2000268c    0x14  gs.o [1]
  .bss                zero     0x200026a0    0x14  gs.o [1]
  .bss                zero     0x200026b4    0x14  gs.o [1]
  .bss                zero     0x200026c8     0xc  app.o [1]
  .bss                zero     0x200026d4     0x8  xxmemxmalloc.o [3]
  .bss                zero     0x200026dc     0x4  app.o [1]
  .bss                zero     0x200026e0     0x4  app.o [1]
  .bss                zero     0x200026e4     0x4  app.o [1]
  .bss                zero     0x200026e8     0x4  app.o [1]
  .bss                zero     0x200026ec     0x4  app.o [1]
  .bss                zero     0x200026f0     0x4  app.o [1]
  .bss                zero     0x200026f4     0x4  app.o [1]
  .bss                zero     0x200026f8     0x4  app.o [1]
  .bss                zero     0x200026fc     0x4  gs.o [1]
  .bss                zero     0x20002700     0x4  gs.o [1]
  .bss                zero     0x20002704     0x4  gs.o [1]
  .bss                zero     0x20002708     0x4  gs.o [1]
  .bss                zero     0x2000270c     0x4  gs.o [1]
  .bss                zero     0x20002710     0x4  gs.o [1]
  .bss                zero     0x20002714     0x4  gs.o [1]
  .bss                zero     0x20002718     0x4  gs.o [1]
  .bss                zero     0x2000271c     0x4  gs.o [1]
  .bss                zero     0x20002720     0x4  gs.o [1]
  .bss                zero     0x20002724     0x4  gs.o [1]
  .bss                zero     0x20002728     0x4  gs.o [1]
  .bss                zero     0x2000272c     0x4  gs.o [1]
  .bss                zero     0x20002730     0x4  gs.o [1]
  .bss                zero     0x20002734     0x4  gs.o [1]
  .bss                zero     0x20002738     0x4  gs.o [1]
  .bss                zero     0x2000273c     0x4  gs.o [1]
  .bss                zero     0x20002740     0x4  gs.o [1]
  .bss                zero     0x20002744     0x4  os_core.o [1]
  .bss                zero     0x20002748     0x4  os_core.o [1]
  .bss                zero     0x2000274c     0x4  os_core.o [1]
  .bss                zero     0x20002750     0x4  os_core.o [1]
  .bss                zero     0x20002754     0x4  os_core.o [1]
  .bss                zero     0x20002758     0x4  os_core.o [1]
  .bss                zero     0x2000275c     0x4  os_core.o [1]
  .bss                zero     0x20002760     0x4  os_core.o [1]
  .bss                zero     0x20002764     0x4  os_core.o [1]
  .bss                zero     0x20002768     0x4  os_core.o [1]
  .bss                zero     0x2000276c     0x4  os_core.o [1]
  .bss                zero     0x20002770     0x4  os_core.o [1]
  .bss                zero     0x20002774     0x4  os_core.o [1]
  .bss                zero     0x20002778     0x4  os_core.o [1]
  .bss                zero     0x2000277c     0x4  os_core.o [1]
  .bss                zero     0x20002780     0x4  os_core.o [1]
  .bss                zero     0x20002784     0x4  xgetmemchunk.o [3]
  .bss                zero     0x20002788     0x2  app.o [1]
  .bss                zero     0x2000278a     0x2  os_core.o [1]
  .bss                zero     0x2000278c     0x2  os_core.o [1]
  .bss                zero     0x2000278e     0x2  os_cpu_c.o [1]
  .bss                zero     0x20002790     0x1  gs.o [1]
  .bss                zero     0x20002791     0x1  gs.o [1]
  .bss                zero     0x20002792     0x1  os_core.o [1]
  .bss                zero     0x20002793     0x1  os_core.o [1]
  .bss                zero     0x20002794     0x1  os_core.o [1]
  .bss                zero     0x20002795     0x1  os_core.o [1]
  .bss                zero     0x20002796     0x1  os_core.o [1]
  .bss                zero     0x20002797     0x1  os_core.o [1]
  .bss                zero     0x20002798     0x1  os_core.o [1]
  .bss                zero     0x20002799     0x1  os_core.o [1]
  .bss                zero     0x2000279a     0x1  os_core.o [1]
  .bss                zero     0x2000279b     0x1  os_core.o [1]
                             - 0x2000279c  0x1754


*******************************************************************************
*** INIT TABLE
***

          Address     Size
          -------     ----
Zero (__iar_zero_init3)
    1 destination range, total size 0x1754:
          0x20001048  0x1754

Copy/packbits (__iar_packbits_init_single3)
    1 source range, total size 0x2 (2% of destination):
          0x0800789e     0x2
    1 destination range, total size 0x48:
          0x20000000    0x48



*******************************************************************************
*** MODULE SUMMARY
***

    Module                  ro code  ro data  rw data
    ------                  -------  -------  -------
D:\ZIX_GS\Software\IAR\Boards\ST\IAR\Debug\Obj: [1]
    app.o                     3 644      456    2 658
    app_vect_v5.o                12      304
    bsp.o                       974                20
    bsp_int.o                   672               240
    cpu_a.o                      42
    gs.o                      3 392       72      178
    os_core.o                 2 552      272    2 862
    os_cpu_a.o                  160
    os_cpu_c.o                  292                 2
    os_dbg.o                    364       92
    os_q.o                       64
    os_sem.o                    726
    os_task.o                   840
    os_time.o                   120
    os_tmr.o                  1 336       32
    stm32f10x_adc.o             590
    stm32f10x_bkp.o              46
    stm32f10x_flash.o           526
    stm32f10x_gpio.o            348
    stm32f10x_iwdg.o             56
    stm32f10x_nvic.o            184
    stm32f10x_pwr.o              12
    stm32f10x_rcc.o             916       20
    stm32f10x_rtc.o             160
    stm32f10x_tim.o             244
    stm32f10x_usart.o           458
    -------------------------------------------------
    Total:                   18 730    1 248    5 960

command line: [2]
    -------------------------------------------------
    Total:

dl7M_tln.a: [3]
    div.o                        14
    errno.o                      12                 4
    exit.o                        4
    getzone.o                    10
    localtim.o                  182                 8
    low_level_init.o              4
    mktime.o                    208
    setlocale.o                  41                 8
    sprintf.o                    52
    sscanf.o                     36
    strcat.o                     28
    strncmp.o                    44
    strstr.o                     46
    xgetdst.o                   350
    xgetmemchunk.o               44                 4
    xgettime.o                   66
    xisdst.o                    308                 4
    xisdstData.o                           1        4
    xprintflarge_nomb.o       3 114
    xscanfsmall_nomb.o        1 296
    xsprout.o                    10
    xsscin.o                     30
    xstol.o                     134
    xstoul.o                    412
    xtls.o                        2
    xttotm.o                    392        1       44
    xxmemxfree.o                128
    xxmemxmalloc.o              176                 8
    -------------------------------------------------
    Total:                    7 143        2       84

m7M_tl.a: [4]
    DblAdd.o                    212
    DblCmpLe.o                   46
    DblDiv.o                    598
    DblMul.o                    418
    DblSub.o                    384
    DblToI32.o                   88
    FltAdd.o                    132
    FltDiv.o                    252
    FltMul.o                    216
    FltSub.o                    214
    FltToDbl.o                   78
    FltToS32.o                   68
    I32ToDbl.o                   48
    I32ToFlt.o                   50
    xdnorm.o                     68
    -------------------------------------------------
    Total:                    2 872

rt7M_tl.a: [5]
    ABImemcpy_unaligned.o       118
    ABImemset.o                 102
    I64DivMod.o                 238
    I64DivZer.o                   2
    cexit.o                      10
    cmain.o                      26
    cstartup_M.o                 12
    data_init.o                  40
    memchr.o                     88
    packbits_init_single.o       56
    strchr.o                     22
    strlen.o                     54
    zero_init3.o                 64
    -------------------------------------------------
    Total:                      832

shb_l.a: [6]
    exit.o                       20
    -------------------------------------------------
    Total:                       20

    Gaps                                   1
    Linker created                        32    4 096
-----------------------------------------------------
    Grand Total:             29 597    1 283   10 140


*******************************************************************************
*** ENTRY LIST
***

Entry                      Address   Size  Type      Object
-----                      -------   ----  ----      ------
.iar.init_table$$Base   0x08007600          --   Gb  - Linker created -
.iar.init_table$$Limit  0x08007620          --   Gb  - Linker created -
?main                   0x0800765d         Code  Gb  cmain.o [5]
ADCPrescTable           0x08007874    0x4  Data  Lc  stm32f10x_rcc.o [1]
ADC_Cmd                 0x08004961   0x1a  Code  Gb  stm32f10x_adc.o [1]
ADC_DeInit              0x080048ad   0x64  Code  Gb  stm32f10x_adc.o [1]
ADC_GetCalibrationStatus
                        0x080049a7   0x18  Code  Gb  stm32f10x_adc.o [1]
ADC_GetConversionValue  0x08004ac7    0x6  Code  Gb  stm32f10x_adc.o [1]
ADC_GetFlagStatus       0x08004ae1   0x1a  Code  Gb  stm32f10x_adc.o [1]
ADC_GetResetCalibrationStatus
                        0x08004985   0x18  Code  Gb  stm32f10x_adc.o [1]
ADC_Init                0x08004911   0x50  Code  Gb  stm32f10x_adc.o [1]
ADC_RegularChannelConfig
                        0x080049d9   0xee  Code  Gb  stm32f10x_adc.o [1]
ADC_ResetCalibration    0x0800497b    0xa  Code  Gb  stm32f10x_adc.o [1]
ADC_SoftwareStartConvCmd
                        0x080049bf   0x1a  Code  Gb  stm32f10x_adc.o [1]
ADC_StartCalibration    0x0800499d    0xa  Code  Gb  stm32f10x_adc.o [1]
APBAHBPrescTable        0x08007734   0x10  Data  Lc  stm32f10x_rcc.o [1]
App_BusFault_ISR        0x080077cd    0x2  Code  Lc  app_vect_v5.o [1]
App_Fault_ISR           0x080077cb    0x2  Code  Lc  app_vect_v5.o [1]
App_MemFault_ISR        0x080077d1    0x2  Code  Lc  app_vect_v5.o [1]
App_NMI_ISR             0x080077c9    0x2  Code  Lc  app_vect_v5.o [1]
App_Spurious_ISR        0x080077d3    0x2  Code  Lc  app_vect_v5.o [1]
App_TaskIO              0x08000df9   0x80  Code  Lc  app.o [1]
App_TaskIOStk           0x20001ec8  0x200  Data  Lc  app.o [1]
App_TaskStart           0x08000181  0xc46  Code  Lc  app.o [1]
App_TaskStartStk        0x20001048  0x750  Data  Lc  app.o [1]
App_UsageFault_ISR      0x080077cf    0x2  Code  Lc  app_vect_v5.o [1]
BKP_DeInit              0x080033e1   0x10  Code  Gb  stm32f10x_bkp.o [1]
BKP_ReadBackupRegister  0x080033ff   0x10  Code  Gb  stm32f10x_bkp.o [1]
BKP_WriteBackupRegister
                        0x080033f1    0xe  Code  Gb  stm32f10x_bkp.o [1]
BSP_ADC1_Init           0x080021a9   0x84  Code  Lc  bsp.o [1]
BSP_CPU_ClkFreq         0x08001f4d    0xe  Code  Gb  bsp.o [1]
BSP_CPU_ClkFreq::rcc_clocks
                        0x20002678   0x14  Data  Lc  bsp.o [1]
BSP_GPIO_Init           0x08001ff7   0x7c  Code  Lc  bsp.o [1]
BSP_I2C2_Software_Simu_Init
                        0x0800222d   0x20  Code  Lc  bsp.o [1]
BSP_Init                0x080022f7   0x24  Code  Gb  bsp.o [1]
BSP_IntDisAll           0x08000f6d    0x8  Code  Gb  bsp_int.o [1]
BSP_IntHandler          0x080011d1   0x34  Code  Lc  bsp_int.o [1]
BSP_IntHandlerADC1_2    0x08001029    0xa  Code  Gb  bsp_int.o [1]
BSP_IntHandlerADC3      0x0800114f    0xa  Code  Gb  bsp_int.o [1]
BSP_IntHandlerCAN_RX1   0x08001047    0xa  Code  Gb  bsp_int.o [1]
BSP_IntHandlerCAN_SCE   0x08001051    0xa  Code  Gb  bsp_int.o [1]
BSP_IntHandlerDMA1_CH1  0x08000fe3    0xa  Code  Gb  bsp_int.o [1]
BSP_IntHandlerDMA1_CH2  0x08000fed    0xa  Code  Gb  bsp_int.o [1]
BSP_IntHandlerDMA1_CH3  0x08000ff7    0xa  Code  Gb  bsp_int.o [1]
BSP_IntHandlerDMA1_CH4  0x08001001    0xa  Code  Gb  bsp_int.o [1]
BSP_IntHandlerDMA1_CH5  0x0800100b    0xa  Code  Gb  bsp_int.o [1]
BSP_IntHandlerDMA1_CH6  0x08001015    0xa  Code  Gb  bsp_int.o [1]
BSP_IntHandlerDMA1_CH7  0x0800101f    0xa  Code  Gb  bsp_int.o [1]
BSP_IntHandlerDMA2_CH1  0x080011a9    0xa  Code  Gb  bsp_int.o [1]
BSP_IntHandlerDMA2_CH2  0x080011b3    0xa  Code  Gb  bsp_int.o [1]
BSP_IntHandlerDMA2_CH3  0x080011bd    0xa  Code  Gb  bsp_int.o [1]
BSP_IntHandlerDMA2_CH4_5
                        0x080011c7    0xa  Code  Gb  bsp_int.o [1]
BSP_IntHandlerEXTI0     0x08000fb1    0xa  Code  Gb  bsp_int.o [1]
BSP_IntHandlerEXTI1     0x08000fbb    0xa  Code  Gb  bsp_int.o [1]
BSP_IntHandlerEXTI15_10
                        0x08001109    0xa  Code  Gb  bsp_int.o [1]
BSP_IntHandlerEXTI2     0x08000fc5    0xa  Code  Gb  bsp_int.o [1]
BSP_IntHandlerEXTI3     0x08000fcf    0xa  Code  Gb  bsp_int.o [1]
BSP_IntHandlerEXTI4     0x08000fd9    0xa  Code  Gb  bsp_int.o [1]
BSP_IntHandlerEXTI9_5   0x0800105b    0xa  Code  Gb  bsp_int.o [1]
BSP_IntHandlerFLASH     0x08000f9d    0xa  Code  Gb  bsp_int.o [1]
BSP_IntHandlerFSMC      0x08001159    0xa  Code  Gb  bsp_int.o [1]
BSP_IntHandlerI2C1_ER   0x080010b5    0xa  Code  Gb  bsp_int.o [1]
BSP_IntHandlerI2C1_EV   0x080010ab    0xa  Code  Gb  bsp_int.o [1]
BSP_IntHandlerI2C2_ER   0x080010c9    0xa  Code  Gb  bsp_int.o [1]
BSP_IntHandlerI2C2_EV   0x080010bf    0xa  Code  Gb  bsp_int.o [1]
BSP_IntHandlerPVD       0x08000f7f    0xa  Code  Gb  bsp_int.o [1]
BSP_IntHandlerRCC       0x08000fa7    0xa  Code  Gb  bsp_int.o [1]
BSP_IntHandlerRTC       0x08000f93    0xa  Code  Gb  bsp_int.o [1]
BSP_IntHandlerRTCAlarm  0x08001113    0xa  Code  Gb  bsp_int.o [1]
BSP_IntHandlerSDIO      0x08001163    0xa  Code  Gb  bsp_int.o [1]
BSP_IntHandlerSPI1      0x080010d3    0xa  Code  Gb  bsp_int.o [1]
BSP_IntHandlerSPI2      0x080010dd    0xa  Code  Gb  bsp_int.o [1]
BSP_IntHandlerSPI3      0x08001177    0xa  Code  Gb  bsp_int.o [1]
BSP_IntHandlerTAMPER    0x08000f89    0xa  Code  Gb  bsp_int.o [1]
BSP_IntHandlerTIM1_BRK  0x08001065    0xa  Code  Gb  bsp_int.o [1]
BSP_IntHandlerTIM1_CC   0x08001083    0xa  Code  Gb  bsp_int.o [1]
BSP_IntHandlerTIM1_TRG_COM
                        0x08001079    0xa  Code  Gb  bsp_int.o [1]
BSP_IntHandlerTIM1_UP   0x0800106f    0xa  Code  Gb  bsp_int.o [1]
BSP_IntHandlerTIM2      0x0800108d    0xa  Code  Gb  bsp_int.o [1]
BSP_IntHandlerTIM3      0x08001097    0xa  Code  Gb  bsp_int.o [1]
BSP_IntHandlerTIM4      0x080010a1    0xa  Code  Gb  bsp_int.o [1]
BSP_IntHandlerTIM5      0x0800116d    0xa  Code  Gb  bsp_int.o [1]
BSP_IntHandlerTIM6      0x08001195    0xa  Code  Gb  bsp_int.o [1]
BSP_IntHandlerTIM7      0x0800119f    0xa  Code  Gb  bsp_int.o [1]
BSP_IntHandlerTIM8_BRK  0x08001127    0xa  Code  Gb  bsp_int.o [1]
BSP_IntHandlerTIM8_CC   0x08001145    0xa  Code  Gb  bsp_int.o [1]
BSP_IntHandlerTIM8_TRG_COM
                        0x0800113b    0xa  Code  Gb  bsp_int.o [1]
BSP_IntHandlerTIM8_UP   0x08001131    0xa  Code  Gb  bsp_int.o [1]
BSP_IntHandlerUART4     0x08001181    0xa  Code  Gb  bsp_int.o [1]
BSP_IntHandlerUART5     0x0800118b    0xa  Code  Gb  bsp_int.o [1]
BSP_IntHandlerUSART1    0x080010e7    0xa  Code  Gb  bsp_int.o [1]
BSP_IntHandlerUSART2    0x080010f1    0xe  Code  Gb  bsp_int.o [1]
BSP_IntHandlerUSART3    0x080010ff    0xa  Code  Gb  bsp_int.o [1]
BSP_IntHandlerUSBWakeUp
                        0x0800111d    0xa  Code  Gb  bsp_int.o [1]
BSP_IntHandlerUSB_HP_CAN_TX
                        0x08001033    0xa  Code  Gb  bsp_int.o [1]
BSP_IntHandlerUSB_LP_CAN_RX0
                        0x0800103d    0xa  Code  Gb  bsp_int.o [1]
BSP_IntHandlerWWDG      0x08000f75    0xa  Code  Gb  bsp_int.o [1]
BSP_IntVectTbl          0x20002248   0xf0  Data  Lc  bsp_int.o [1]
BSP_RCC_Init            0x08001f67   0x90  Code  Lc  bsp.o [1]
BSP_TM3_Init            0x08002073   0x7a  Code  Lc  bsp.o [1]
BSP_USART2_UART_Init    0x080020ed   0xbc  Code  Lc  bsp.o [1]
CPU_CntLeadZeros        0x080037f7         Code  Gb  cpu_a.o [1]
CPU_IntDis              0x080037e1         Code  Gb  cpu_a.o [1]
CPU_IntEn               0x080037e5         Code  Gb  cpu_a.o [1]
CPU_RevBits             0x080037fd         Code  Gb  cpu_a.o [1]
CPU_SR_Restore          0x080037f1         Code  Gb  cpu_a.o [1]
CPU_SR_Save             0x080037e9         Code  Gb  cpu_a.o [1]
CPU_WaitForExcept       0x08003807         Code  Gb  cpu_a.o [1]
CPU_WaitForInt          0x08003803         Code  Gb  cpu_a.o [1]
CSTACK$$Base            0x20000048          --   Gb  - Linker created -
CSTACK$$Limit           0x20000848          --   Gb  - Linker created -
FLASH_ClearFlag         0x0800448d    0x8  Code  Gb  stm32f10x_flash.o [1]
FLASH_ErasePage         0x080043ad   0x64  Code  Gb  stm32f10x_flash.o [1]
FLASH_GetStatus         0x08004495   0x34  Code  Gb  stm32f10x_flash.o [1]
FLASH_HalfCycleAccessCmd
                        0x08004345   0x20  Code  Gb  stm32f10x_flash.o [1]
FLASH_Lock              0x0800439b   0x12  Code  Gb  stm32f10x_flash.o [1]
FLASH_PrefetchBufferCmd
                        0x08004365   0x20  Code  Gb  stm32f10x_flash.o [1]
FLASH_ProgramWord       0x08004411   0x7c  Code  Gb  stm32f10x_flash.o [1]
FLASH_SetLatency        0x08004325   0x20  Code  Gb  stm32f10x_flash.o [1]
FLASH_Unlock            0x08004385   0x16  Code  Gb  stm32f10x_flash.o [1]
FLASH_WaitForLastOperation
                        0x080044e5   0x32  Code  Gb  stm32f10x_flash.o [1]
GPIO_Init               0x08003205  0x136  Code  Gb  stm32f10x_gpio.o [1]
GPIO_ReadInputDataBit   0x0800333b   0x1a  Code  Gb  stm32f10x_gpio.o [1]
GPIO_ResetBits          0x0800335b    0x6  Code  Gb  stm32f10x_gpio.o [1]
GPIO_SetBits            0x08003355    0x6  Code  Gb  stm32f10x_gpio.o [1]
GPS_GPE                 0x2000268c   0x14  Data  Gb  gs.o [1]
GPS_GPL                 0x200026a0   0x14  Data  Gb  gs.o [1]
GPS_UTC                 0x200026b4   0x14  Data  Gb  gs.o [1]
HEAP$$Base              0x20000848          --   Gb  - Linker created -
HEAP$$Limit             0x20001048          --   Gb  - Linker created -
IWDG_Configuration      0x080022cb   0x2c  Code  Gb  bsp.o [1]
IWDG_Enable             0x080037cb    0xa  Code  Gb  stm32f10x_iwdg.o [1]
IWDG_ReloadCounter      0x080037c1    0xa  Code  Gb  stm32f10x_iwdg.o [1]
IWDG_SetPrescaler       0x080037b1    0x8  Code  Gb  stm32f10x_iwdg.o [1]
IWDG_SetReload          0x080037b9    0x8  Code  Gb  stm32f10x_iwdg.o [1]
IWDG_WriteAccessCmd     0x080037a9    0x8  Code  Gb  stm32f10x_iwdg.o [1]
LoadInt                 0x0800603f   0x6e  Code  Lc  xprintflarge_nomb.o [3]
NVIC_Init               0x080047f5   0xa8  Code  Gb  stm32f10x_nvic.o [1]
OSCPUUsage              0x20002792    0x1  Data  Gb  os_core.o [1]
OSCtxSw                 0x08003837         Code  Gb  os_cpu_a.o [1]
OSCtxSwCtr              0x20002744    0x4  Data  Gb  os_core.o [1]
OSDataSize              0x0800789c    0x2  Data  Gb  os_dbg.o [1]
OSDebugEn               0x0800340e    0x2  Data  Gb  os_dbg.o [1]
OSDebugInit             0x08003e25  0x16c  Code  Gb  os_dbg.o [1]
OSEndiannessTest        0x08007870    0x4  Data  Gb  os_dbg.o [1]
OSEventEn               0x080037a6    0x2  Data  Gb  os_dbg.o [1]
OSEventFreeList         0x20002748    0x4  Data  Gb  os_core.o [1]
OSEventMax              0x08003486    0x2  Data  Gb  os_dbg.o [1]
OSEventNameSet          0x0800120d   0x7e  Code  Gb  os_core.o [1]
OSEventNameSize         0x0800376e    0x2  Data  Gb  os_dbg.o [1]
OSEventSize             0x0800380a    0x2  Data  Gb  os_dbg.o [1]
OSEventTbl              0x20002400   0xa0  Data  Gb  os_core.o [1]
OSEventTblSize          0x08004532    0x2  Data  Gb  os_dbg.o [1]
OSFlagEn                0x080047f2    0x2  Data  Gb  os_dbg.o [1]
OSFlagGrpSize           0x08004afa    0x2  Data  Gb  os_dbg.o [1]
OSFlagMax               0x08004f9a    0x2  Data  Gb  os_dbg.o [1]
OSFlagNameSize          0x08004fea    0x2  Data  Gb  os_dbg.o [1]
OSFlagNodeSize          0x08004bbe    0x2  Data  Gb  os_dbg.o [1]
OSFlagWidth             0x08004f66    0x2  Data  Gb  os_dbg.o [1]
OSIdleCtr               0x20002758    0x4  Data  Gb  os_core.o [1]
OSIdleCtrMax            0x2000274c    0x4  Data  Gb  os_core.o [1]
OSIdleCtrRun            0x20002750    0x4  Data  Gb  os_core.o [1]
OSInit                  0x0800128b   0x30  Code  Gb  os_core.o [1]
OSInitHookBegin         0x08002339    0x8  Code  Gb  os_cpu_c.o [1]
OSInitHookEnd           0x08002341    0x2  Code  Gb  os_cpu_c.o [1]
OSIntCtxSw              0x0800383f         Code  Gb  os_cpu_a.o [1]
OSIntExit               0x080012bb   0x94  Code  Gb  os_core.o [1]
OSIntNesting            0x20002794    0x1  Data  Gb  os_core.o [1]
OSLockNesting           0x20002795    0x1  Data  Gb  os_core.o [1]
OSLowestPrio            0x08005242    0x2  Data  Gb  os_dbg.o [1]
OSMboxEn                0x08005592    0x2  Data  Gb  os_dbg.o [1]
OSMemEn                 0x080066fa    0x2  Data  Gb  os_dbg.o [1]
OSMemMax                0x080067ce    0x2  Data  Gb  os_dbg.o [1]
OSMemNameSize           0x08006a2e    0x2  Data  Gb  os_dbg.o [1]
OSMemSize               0x08006a46    0x2  Data  Gb  os_dbg.o [1]
OSMemTblSize            0x08006d6e    0x2  Data  Gb  os_dbg.o [1]
OSMutexEn               0x08006d9e    0x2  Data  Gb  os_dbg.o [1]
OSPrioCur               0x20002796    0x1  Data  Gb  os_core.o [1]
OSPrioHighRdy           0x20002797    0x1  Data  Gb  os_core.o [1]
OSPtrSize               0x08006f2e    0x2  Data  Gb  os_dbg.o [1]
OSQEn                   0x08007072    0x2  Data  Gb  os_dbg.o [1]
OSQFreeList             0x2000276c    0x4  Data  Gb  os_core.o [1]
OSQMax                  0x080072a6    0x2  Data  Gb  os_dbg.o [1]
OSQSize                 0x0800767e    0x2  Data  Gb  os_dbg.o [1]
OSQTbl                  0x20002520   0x78  Data  Gb  os_core.o [1]
OSRdyGrp                0x20002798    0x1  Data  Gb  os_core.o [1]
OSRdyTbl                0x20002754    0x4  Data  Gb  os_core.o [1]
OSRdyTblSize            0x0800768a    0x2  Data  Gb  os_dbg.o [1]
OSRunning               0x20002799    0x1  Data  Gb  os_core.o [1]
OSSemCreate             0x08004c91   0x56  Code  Gb  os_sem.o [1]
OSSemDel                0x08004ce7  0x11a  Code  Gb  os_sem.o [1]
OSSemEn                 0x08007878    0x2  Data  Gb  os_dbg.o [1]
OSSemPend               0x08004e01   0xf0  Code  Gb  os_sem.o [1]
OSSemPost               0x08004f05   0x62  Code  Gb  os_sem.o [1]
OSStart                 0x0800134f   0x42  Code  Gb  os_core.o [1]
OSStartHighRdy          0x0800381b         Code  Gb  os_cpu_a.o [1]
OSStatInit              0x08001391   0x46  Code  Gb  os_core.o [1]
OSStatRdy               0x20002793    0x1  Data  Gb  os_core.o [1]
OSStkWidth              0x0800787a    0x2  Data  Gb  os_dbg.o [1]
OSTCBCur                0x2000275c    0x4  Data  Gb  os_core.o [1]
OSTCBFreeList           0x20002760    0x4  Data  Gb  os_core.o [1]
OSTCBHighRdy            0x20002764    0x4  Data  Gb  os_core.o [1]
OSTCBInitHook           0x080023cb    0x2  Code  Gb  os_cpu_c.o [1]
OSTCBList               0x20002768    0x4  Data  Gb  os_core.o [1]
OSTCBPrioTbl            0x200024a0   0x80  Data  Gb  os_core.o [1]
OSTCBPrioTblMax         0x08007892    0x2  Data  Gb  os_dbg.o [1]
OSTCBSize               0x08007894    0x2  Data  Gb  os_dbg.o [1]
OSTCBTbl                0x20001c98  0x230  Data  Gb  os_core.o [1]
OSTaskCreateEn          0x0800787c    0x2  Data  Gb  os_dbg.o [1]
OSTaskCreateExt         0x08001c05   0xe4  Code  Gb  os_task.o [1]
OSTaskCreateExtEn       0x0800787e    0x2  Data  Gb  os_dbg.o [1]
OSTaskCreateHook        0x08002343    0x2  Code  Gb  os_cpu_c.o [1]
OSTaskCtr               0x2000279a    0x1  Data  Gb  os_core.o [1]
OSTaskDelEn             0x08007880    0x2  Data  Gb  os_dbg.o [1]
OSTaskIdleHook          0x08002345    0x2  Code  Gb  os_cpu_c.o [1]
OSTaskIdleStk           0x200020c8  0x180  Data  Gb  os_core.o [1]
OSTaskIdleStkSize       0x08007882    0x2  Data  Gb  os_dbg.o [1]
OSTaskMax               0x08007886    0x2  Data  Gb  os_dbg.o [1]
OSTaskNameSet           0x08001ce9   0xb2  Code  Gb  os_task.o [1]
OSTaskNameSize          0x08007888    0x2  Data  Gb  os_dbg.o [1]
OSTaskProfileEn         0x08007884    0x2  Data  Gb  os_dbg.o [1]
OSTaskStatEn            0x0800788a    0x2  Data  Gb  os_dbg.o [1]
OSTaskStatHook          0x08002347    0x2  Code  Gb  os_cpu_c.o [1]
OSTaskStatStk           0x20001798  0x280  Data  Gb  os_core.o [1]
OSTaskStatStkChkEn      0x0800788e    0x2  Data  Gb  os_dbg.o [1]
OSTaskStatStkSize       0x0800788c    0x2  Data  Gb  os_dbg.o [1]
OSTaskStkChk            0x08001d9b   0xae  Code  Gb  os_task.o [1]
OSTaskStkInit           0x08002349   0x80  Code  Gb  os_cpu_c.o [1]
OSTaskSuspend           0x08001e49   0xd2  Code  Gb  os_task.o [1]
OSTaskSwHook            0x080023c9    0x2  Code  Gb  os_cpu_c.o [1]
OSTaskSwHookEn          0x08007890    0x2  Data  Gb  os_dbg.o [1]
OSTickStepState         0x2000279b    0x1  Data  Gb  os_core.o [1]
OSTicksPerSec           0x08007896    0x2  Data  Gb  os_dbg.o [1]
OSTime                  0x20002770    0x4  Data  Gb  os_core.o [1]
OSTimeDly               0x0800318d   0x68  Code  Gb  os_time.o [1]
OSTimeTick              0x080013d7   0xf6  Code  Gb  os_core.o [1]
OSTimeTickHook          0x080023cd   0x20  Code  Gb  os_cpu_c.o [1]
OSTimeTickHookEn        0x08007898    0x2  Data  Gb  os_dbg.o [1]
OSTmrCreate             0x080038ed   0xf2  Code  Gb  os_tmr.o [1]
OSTmrCtr                0x2000278e    0x2  Data  Lc  os_cpu_c.o [1]
OSTmrDel                0x080039df   0x92  Code  Gb  os_tmr.o [1]
OSTmrFree               0x2000278a    0x2  Data  Gb  os_core.o [1]
OSTmrFreeList           0x20002780    0x4  Data  Gb  os_core.o [1]
OSTmrSem                0x20002778    0x4  Data  Gb  os_core.o [1]
OSTmrSemSignal          0x2000277c    0x4  Data  Gb  os_core.o [1]
OSTmrSignal             0x08003b07   0x12  Code  Gb  os_tmr.o [1]
OSTmrStart              0x08003a71   0x96  Code  Gb  os_tmr.o [1]
OSTmrTaskStk            0x20001a18  0x280  Data  Gb  os_core.o [1]
OSTmrTbl                0x20002598   0x58  Data  Gb  os_core.o [1]
OSTmrTime               0x20002774    0x4  Data  Gb  os_core.o [1]
OSTmrUsed               0x2000278c    0x2  Data  Gb  os_core.o [1]
OSTmrWheelTbl           0x200025f0   0x40  Data  Gb  os_core.o [1]
OSTmr_Alloc             0x08003b19   0x38  Code  Lc  os_tmr.o [1]
OSTmr_Free              0x08003b51   0x4c  Code  Lc  os_tmr.o [1]
OSTmr_Init              0x08003b9d   0xaa  Code  Gb  os_tmr.o [1]
OSTmr_InitTask          0x08003c47   0x36  Code  Lc  os_tmr.o [1]
OSTmr_Link              0x08003c7d   0x72  Code  Lc  os_tmr.o [1]
OSTmr_Lock              0x08003d41   0x10  Code  Lc  os_tmr.o [1]
OSTmr_Task              0x08003d61   0x86  Code  Lc  os_tmr.o [1]
OSTmr_Unlink            0x08003cef   0x52  Code  Lc  os_tmr.o [1]
OSTmr_Unlock            0x08003d51    0xc  Code  Lc  os_tmr.o [1]
OSUnMapTbl              0x08007404  0x100  Data  Gb  os_core.o [1]
OSVersionNbr            0x0800789a    0x2  Data  Gb  os_dbg.o [1]
OS_CPU_PendSVHandler    0x08003847         Code  Gb  os_cpu_a.o [1]
OS_CPU_SR_Restore       0x08003815         Code  Gb  os_cpu_a.o [1]
OS_CPU_SR_Save          0x0800380d         Code  Gb  os_cpu_a.o [1]
OS_CPU_SysTickClkFreq   0x08001f5b    0xc  Code  Gb  bsp.o [1]
OS_CPU_SysTickHandler   0x080023ed   0x22  Code  Gb  os_cpu_c.o [1]
OS_CPU_SysTickInit      0x0800240f   0x36  Code  Gb  os_cpu_c.o [1]
OS_EventTaskRdy         0x080014cd   0xba  Code  Gb  os_core.o [1]
OS_EventTaskRemove      0x08001615   0x38  Code  Gb  os_core.o [1]
OS_EventTaskRemoveMulti
                        0x0800164d   0x50  Code  Gb  os_core.o [1]
OS_EventTaskWait        0x08001587   0x8e  Code  Gb  os_core.o [1]
OS_EventWaitListInit    0x0800169d   0x20  Code  Gb  os_core.o [1]
OS_InitEventList        0x080016bd   0x54  Code  Lc  os_core.o [1]
OS_InitMisc             0x08001711   0x4e  Code  Lc  os_core.o [1]
OS_InitRdyList          0x0800175f   0x44  Code  Lc  os_core.o [1]
OS_InitTCBList          0x0800181b   0x66  Code  Lc  os_core.o [1]
OS_InitTaskIdle         0x080017a3   0x3c  Code  Lc  os_core.o [1]
OS_InitTaskStat         0x080017df   0x3c  Code  Lc  os_core.o [1]
OS_MemClr               0x08001881   0x12  Code  Gb  os_core.o [1]
OS_QInit                0x080038ad   0x32  Code  Gb  os_q.o [1]
OS_Sched                0x08001893   0x5c  Code  Gb  os_core.o [1]
OS_SchedNew             0x080018ef   0x20  Code  Lc  os_core.o [1]
OS_StrCopy              0x0800190f   0x20  Code  Gb  os_core.o [1]
OS_StrLen               0x0800192f   0x16  Code  Gb  os_core.o [1]
OS_TCBInit              0x08001a31  0x158  Code  Gb  os_core.o [1]
OS_TaskIdle             0x08001949   0x22  Code  Gb  os_core.o [1]
OS_TaskStat             0x0800196d   0x76  Code  Gb  os_core.o [1]
OS_TaskStatStkChk       0x080019ed   0x44  Code  Gb  os_core.o [1]
OS_TaskStkClr           0x08001f35   0x18  Code  Gb  os_task.o [1]
PWR_BackupAccessCmd     0x08004afd    0x8  Code  Gb  stm32f10x_pwr.o [1]
RCC_ADCCLKConfig        0x080040fd   0x14  Code  Gb  stm32f10x_rcc.o [1]
RCC_APB1PeriphClockCmd  0x0800424b   0x1e  Code  Gb  stm32f10x_rcc.o [1]
RCC_APB2PeriphClockCmd  0x0800422d   0x1e  Code  Gb  stm32f10x_rcc.o [1]
RCC_APB2PeriphResetCmd  0x08004269   0x1e  Code  Gb  stm32f10x_rcc.o [1]
RCC_BackupResetCmd      0x08004287    0x8  Code  Gb  stm32f10x_rcc.o [1]
RCC_DeInit              0x08003f91   0x5e  Code  Gb  stm32f10x_rcc.o [1]
RCC_GetClocksFreq       0x08004151   0xdc  Code  Gb  stm32f10x_rcc.o [1]
RCC_GetFlagStatus       0x0800428f   0x52  Code  Gb  stm32f10x_rcc.o [1]
RCC_HCLKConfig          0x080040bf   0x14  Code  Gb  stm32f10x_rcc.o [1]
RCC_HSEConfig           0x08003fef   0x56  Code  Gb  stm32f10x_rcc.o [1]
RCC_LSEConfig           0x08004111   0x2c  Code  Gb  stm32f10x_rcc.o [1]
RCC_PCLK1Config         0x080040d3   0x14  Code  Gb  stm32f10x_rcc.o [1]
RCC_PCLK2Config         0x080040e7   0x16  Code  Gb  stm32f10x_rcc.o [1]
RCC_PLLCmd              0x080040a1    0xa  Code  Gb  stm32f10x_rcc.o [1]
RCC_PLLConfig           0x08004085   0x1c  Code  Gb  stm32f10x_rcc.o [1]
RCC_RTCCLKCmd           0x08004149    0x8  Code  Gb  stm32f10x_rcc.o [1]
RCC_RTCCLKConfig        0x0800413d    0xc  Code  Gb  stm32f10x_rcc.o [1]
RCC_SYSCLKConfig        0x080040ab   0x14  Code  Gb  stm32f10x_rcc.o [1]
RCC_WaitForHSEStartUp   0x08004045   0x40  Code  Gb  stm32f10x_rcc.o [1]
RTC_Configuration       0x08002269   0x62  Code  Lc  bsp.o [1]
RTC_EnterConfigMode     0x08003489    0xe  Code  Gb  stm32f10x_rtc.o [1]
RTC_ExitConfigMode      0x08003497   0x10  Code  Gb  stm32f10x_rtc.o [1]
RTC_GetCounter          0x080034a7   0x16  Code  Gb  stm32f10x_rtc.o [1]
RTC_SetCounter          0x080034bd   0x18  Code  Gb  stm32f10x_rtc.o [1]
RTC_SetPrescaler        0x080034d5   0x1c  Code  Gb  stm32f10x_rtc.o [1]
RTC_WaitForLastTask     0x080034f1    0xa  Code  Gb  stm32f10x_rtc.o [1]
RTC_WaitForSynchro      0x080034fb   0x18  Code  Gb  stm32f10x_rtc.o [1]
Region$$Table$$Base     0x08007600          --   Gb  - Linker created -
Region$$Table$$Limit    0x08007620          --   Gb  - Linker created -
TIM_Cmd                 0x080045f9   0x1c  Code  Gb  stm32f10x_tim.o [1]
TIM_OC2Init             0x0800456b   0x86  Code  Gb  stm32f10x_tim.o [1]
TIM_OC2PreloadConfig    0x08004615   0x14  Code  Gb  stm32f10x_tim.o [1]
TIM_TimeBaseInit        0x08004535   0x36  Code  Gb  stm32f10x_tim.o [1]
USART2_IRQHandler       0x08002c79   0xc2  Code  Gb  gs.o [1]
USART_ClockInit         0x080046ed   0x24  Code  Gb  stm32f10x_usart.o [1]
USART_Cmd               0x08004711   0x1c  Code  Gb  stm32f10x_usart.o [1]
USART_GetITStatus       0x0800478b   0x68  Code  Gb  stm32f10x_usart.o [1]
USART_ITConfig          0x0800472d   0x4e  Code  Gb  stm32f10x_usart.o [1]
USART_Init              0x08004629   0xc0  Code  Gb  stm32f10x_usart.o [1]
USART_ReceiveData       0x08004783    0x8  Code  Gb  stm32f10x_usart.o [1]
USART_SendData          0x0800477b    0x8  Code  Gb  stm32f10x_usart.o [1]
_GenldLargeNoMb         0x08006437  0x250  Code  Lc  xprintflarge_nomb.o [3]
_GetN                   0x08005595   0x22  Code  Lc  xscanfsmall_nomb.o [3]
_Getdst                 0x08007175  0x132  Code  Gb  xgetdst.o [3]
_GetintSmallNoMb        0x08005875  0x218  Code  Lc  xscanfsmall_nomb.o [3]
_GetstrSmallNoMb        0x080057bf   0xb6  Code  Lc  xscanfsmall_nomb.o [3]
_Gettime                0x08006707   0x42  Code  Gb  xgettime.o [3]
_IsdstStr               0x2000000c    0x4  Data  Gb  setlocale.o [3]
_Isdst_olddst           0x20000040    0x4  Data  Lc  xisdst.o [3]
_Isdst_rules            0x20000044    0x4  Data  Gb  xisdstData.o [3]
_LdtobLargeNoMb         0x080061b9  0x278  Code  Lc  xprintflarge_nomb.o [3]
_LitobLargeNoMb         0x080060ad  0x10a  Code  Lc  xprintflarge_nomb.o [3]
_Localtime_oldzone      0x20000000    0x4  Data  Lc  localtim.o [3]
_Localtime_tzoff        0x20000004    0x4  Data  Lc  localtim.o [3]
_PrintfLargeNoMb        0x08005aa5  0x594  Code  Gb  xprintflarge_nomb.o [3]
_PutcharsLargeNoMb      0x08006687   0x2e  Code  Lc  xprintflarge_nomb.o [3]
_SProut                 0x080033d7    0xa  Code  Gb  xsprout.o [3]
_SScin                  0x0800231b   0x1e  Code  Gb  xsscin.o [3]
_ScanfSmallNoMb         0x080055d1  0x1e8  Code  Gb  xscanfsmall_nomb.o [3]
_Ttotm_ts               0x20000010   0x2c  Data  Lc  xttotm.o [3]
_Tzoff                  0x08004b09   0x94  Code  Gb  localtim.o [3]
_TzoneStr               0x20000008    0x4  Data  Gb  setlocale.o [3]
_UngetN                 0x080055b7   0x1a  Code  Lc  xscanfsmall_nomb.o [3]
__aeabi_cdcmple         0x08006d71         Code  Gb  DblCmpLe.o [4]
__aeabi_d2iz            0x08005245         Code  Gb  DblToI32.o [4]
__aeabi_d2uiz           0x08005271         Code  Gb  DblToI32.o [4]
__aeabi_ddiv            0x08004fed         Code  Gb  DblDiv.o [4]
__aeabi_dmul            0x080035cd         Code  Gb  DblMul.o [4]
__aeabi_dsub            0x08006da1         Code  Gb  DblSub.o [4]
__aeabi_errno_addr      0x08006f31    0x6  Code  Gb  errno.o [3]
__aeabi_f2d             0x08004f9d         Code  Gb  FltToDbl.o [4]
__aeabi_f2iz            0x080054f5         Code  Gb  FltToS32.o [4]
__aeabi_fadd            0x08005471         Code  Gb  FltAdd.o [4]
__aeabi_fdiv            0x0800529d         Code  Gb  FltDiv.o [4]
__aeabi_fmul            0x08005399         Code  Gb  FltMul.o [4]
__aeabi_i2d             0x0800359d         Code  Gb  I32ToDbl.o [4]
__aeabi_i2f             0x08004f69         Code  Gb  I32ToFlt.o [4]
__aeabi_ldiv0           0x08007071         Code  Gb  I64DivZer.o [5]
__aeabi_memset          0x08003371         Code  Gb  ABImemset.o [5]
__aeabi_ui2d            0x080035b1         Code  Gb  I32ToDbl.o [4]
__aeabi_ui2f            0x08004f7d         Code  Gb  I32ToFlt.o [4]
__aeabi_uldivmod        0x08006c3d         Code  Gb  I64DivMod.o [5]
__cmain                 0x0800765d         Code  Gb  cmain.o [5]
__data_Aldata           0x200026d4    0x8  Data  Gb  xxmemxmalloc.o [3]
__data_GetMemChunk      0x080073d9   0x2c  Code  Gb  xgetmemchunk.o [3]
__data_GetMemChunk::start
                        0x20002784    0x4  Data  Lc  xgetmemchunk.o [3]
__exit                  0x0800768d   0x14  Code  Gb  exit.o [6]
__getzone               0x080066fd    0x6  Code  Gb  getzone.o [3]
__iar_Daysto32          0x080067d1   0x3a  Code  Gb  xttotm.o [3]
__iar_Dnorm             0x08006d2b   0x44  Code  Gb  xdnorm.o [4]
__iar_Errno             0x2000003c    0x4  Data  Gb  errno.o [3]
__iar_Isdst32           0x08006f3d  0x134  Code  Gb  xisdst.o [3]
__iar_Memchr            0x08006be5         Code  Gb  memchr.o [5]
__iar_Memset            0x08003371         Code  Gb  ABImemset.o [5]
__iar_Memset_word       0x08003379         Code  Gb  ABImemset.o [5]
__iar_Stolx             0x08006749   0x86  Code  Gb  xstol.o [3]
__iar_Stoul             0x08006b91    0x4  Code  Gb  xstoul.o [3]
__iar_Stoulx            0x08006a49  0x142  Code  Gb  xstoul.o [3]
__iar_Strchr            0x08006a31         Code  Gb  strchr.o [5]
__iar_Strstr            0x08005565   0x2e  Code  Gb  strstr.o [3]
__iar_Ttotm32           0x0800680b  0x112  Code  Gb  xttotm.o [3]
__iar_TzoneStr_init     0x080066d1   0x24  Code  Gb  setlocale.o [3]
__iar_d2uiz             0x0800527d         Code  Gb  DblToI32.o [4]
__iar_dadd              0x08007075         Code  Gb  DblAdd.o [4]
__iar_data_init3        0x080075d9   0x28  Code  Gb  data_init.o [5]
__iar_dlib_perthread_access
                        0x080066cf    0x2  Code  Gb  xtls.o [3]
__iar_dsub              0x08006db5         Code  Gb  DblSub.o [4]
__iar_dsubStart         0x08006dc7         Code  Gb  DblSub.o [4]
__iar_fadd              0x08005481         Code  Gb  FltAdd.o [4]
__iar_fsub              0x08006959         Code  Gb  FltSub.o [4]
__iar_fsubStart         0x08006969         Code  Gb  FltSub.o [4]
__iar_packbits_init_single3
                        0x08007545   0x38  Code  Gb  packbits_init_single.o [5]
__iar_program_start     0x080077d5         Code  Gb  cstartup_M.o [5]
__iar_ui2d              0x080035b5         Code  Gb  I32ToDbl.o [4]
__iar_ui2f              0x08004f81         Code  Gb  I32ToFlt.o [4]
__iar_unaligned___aeabi_memcpy
                        0x08003411         Code  Gb  ABImemcpy_unaligned.o [5]
__iar_unaligned___aeabi_memcpy4
                        0x08003431         Code  Gb  ABImemcpy_unaligned.o [5]
__iar_unaligned___aeabi_memcpy8
                        0x08003431         Code  Gb  ABImemcpy_unaligned.o [5]
__iar_zero_init3        0x08007505   0x40  Code  Gb  zero_init3.o [5]
__localtime32           0x08004ba5   0x1a  Code  Gb  localtim.o [3]
__low_level_init        0x08007677    0x4  Code  Gb  low_level_init.o [3]
__mktime32              0x08004bc1   0xd0  Code  Gb  mktime.o [3]
__vector_table          0x08000000  0x130  Data  Gb  app_vect_v5.o [1]
_call_main              0x08007669         Code  Gb  cmain.o [5]
_exit                   0x08007681         Code  Gb  cexit.o [5]
_main                   0x08007673         Code  Gb  cmain.o [5]
analysis_gps_info       0x08002e3f  0x144  Code  Gb  gs.o [1]
bat_volts               0x20002704    0x4  Data  Gb  gs.o [1]
check_bkp               0x080025cf   0xd8  Code  Gb  gs.o [1]
check_sum_16            0x08002d41   0x2c  Code  Gb  gs.o [1]
chksum                  0x20002788    0x2  Data  Lc  app.o [1]
count                   0x200026ec    0x4  Data  Lc  app.o [1]
cpuid                   0x200026c8    0xc  Data  Lc  app.o [1]
delay                   0x08004517   0x1c  Code  Lc  stm32f10x_flash.o [1]
digits                  0x08006b94   0x28  Data  Lc  xstoul.o [3]
div                     0x08006f21    0xe  Code  Gb  div.o [3]
env_hum                 0x20002718    0x4  Data  Gb  gs.o [1]
env_lux                 0x20002710    0x4  Data  Gb  gs.o [1]
env_tmp                 0x20002714    0x4  Data  Gb  gs.o [1]
erase_data              0x08003107    0xe  Code  Gb  gs.o [1]
erase_flash             0x08002fa7   0x3e  Code  Gb  gs.o [1]
exit                    0x0800767b    0x4  Code  Gb  exit.o [3]
free                    0x080072a9   0x7a  Code  Gb  xxmemxfree.o [3]
get_battery_volts       0x0800245d   0x5c  Code  Gb  gs.o [1]
get_calendar            0x08002585   0x2c  Code  Gb  gs.o [1]
get_fft_volts           0x080024b9   0x66  Code  Gb  gs.o [1]
get_hum_volts           0x0800251f   0x66  Code  Gb  gs.o [1]
getint                  0x08007149   0x2c  Code  Lc  xgetdst.o [3]
gnd_fft                 0x20002708    0x4  Data  Gb  gs.o [1]
gnd_wtr                 0x2000270c    0x4  Data  Gb  gs.o [1]
gprs_enable             0x20002700    0x4  Data  Gb  gs.o [1]
gprs_work_time          0x20002728    0x4  Data  Gb  gs.o [1]
gps_buf                 0x20002338   0xc8  Data  Lc  app.o [1]
gps_buf_count           0x200026dc    0x4  Data  Lc  app.o [1]
gps_csq                 0x2000271c    0x4  Data  Gb  gs.o [1]
gps_enable              0x200026fc    0x4  Data  Gb  gs.o [1]
gps_work_time           0x20002724    0x4  Data  Gb  gs.o [1]
gsm_err                 0x200026f0    0x4  Data  Lc  app.o [1]
i                       0x200026e4    0x4  Data  Lc  app.o [1]
led_off                 0x08002f83   0x12  Code  Gb  gs.o [1]
led_on                  0x08002f95   0x12  Code  Gb  gs.o [1]
lmos                    0x08006928   0x18  Data  Lc  xttotm.o [3]
main                    0x08000131   0x46  Code  Gb  app.o [1]
malloc                  0x08007329   0xac  Code  Gb  xxmemxmalloc.o [3]
max_index               0x200026f8    0x4  Data  Lc  app.o [1]
max_value               0x200026f4    0x4  Data  Lc  app.o [1]
memchr                  0x08006be5         Code  Gb  memchr.o [5]
mos                     0x08006940   0x18  Data  Lc  xttotm.o [3]
ndigs                   0x08006bbc   0x28  Data  Lc  xstoul.o [3]
now                     0x20002630   0x2c  Data  Gb  gs.o [1]
read_data               0x08003115   0x16  Code  Gb  gs.o [1]
read_flash              0x08002fe5   0x60  Code  Gb  gs.o [1]
read_hdc1000            0x08002a11   0xca  Code  Gb  gs.o [1]
read_opt3001            0x08002975   0x9c  Code  Gb  gs.o [1]
retry                   0x200026e0    0x4  Data  Lc  app.o [1]
save_data               0x080030f1   0x16  Code  Gb  gs.o [1]
set_calendar            0x080025b1   0x1e  Code  Gb  gs.o [1]
soil_volts_to_fertility
                        0x08002d6d   0xd2  Code  Gb  gs.o [1]
soil_volts_to_fertility_table
                        0x0800757c   0x30  Data  Gb  gs.o [1]
sprintf                 0x0800354d   0x34  Code  Gb  sprintf.o [3]
sscanf                  0x08003529   0x24  Code  Gb  sscanf.o [3]
strcat                  0x08003581   0x1c  Code  Gb  strcat.o [3]
strchr                  0x08006a31         Code  Gb  strchr.o [5]
strlen                  0x08003771         Code  Gb  strlen.o [5]
strncmp                 0x08005539   0x2c  Code  Gb  strncmp.o [3]
strstr                  0x08003361   0x10  Code  Gb  gs.o [1]
system_time             0x20002720    0x4  Data  Gb  gs.o [1]
temp                    0x200026e8    0x4  Data  Lc  app.o [1]
tmp_str                 0x2000265c   0x1c  Data  Lc  app.o [1]
twi_nop                 0x080026a7    0xe  Code  Lc  gs.o [1]
twi_read                0x0800292d   0x48  Code  Gb  gs.o [1]
twi_receive_byte        0x08002893   0x66  Code  Lc  gs.o [1]
twi_send_ack            0x08002757   0x40  Code  Lc  gs.o [1]
twi_send_byte           0x080027cb   0xc8  Code  Lc  gs.o [1]
twi_send_nack           0x08002797   0x34  Code  Lc  gs.o [1]
twi_start               0x080026b5   0x6e  Code  Lc  gs.o [1]
twi_stop                0x08002723   0x34  Code  Lc  gs.o [1]
twi_write               0x080028f9   0x34  Code  Gb  gs.o [1]
uart_read               0x08002ba1   0xd8  Code  Gb  gs.o [1]
uart_rx_buf             0x20002730    0x4  Data  Gb  gs.o [1]
uart_rx_continue        0x08002b7d   0x12  Code  Gb  gs.o [1]
uart_rx_done            0x20002738    0x4  Data  Gb  gs.o [1]
uart_rx_len             0x20002791    0x1  Data  Gb  gs.o [1]
uart_rx_ovf             0x08002b8f   0x12  Code  Gb  gs.o [1]
uart_rx_tmr_ovf         0x2000273c    0x4  Data  Gb  gs.o [1]
uart_rx_tmr_process     0x20002740    0x4  Data  Gb  gs.o [1]
uart_tx_buf             0x2000272c    0x4  Data  Gb  gs.o [1]
uart_tx_done            0x20002734    0x4  Data  Gb  gs.o [1]
uart_tx_len             0x20002790    0x1  Data  Gb  gs.o [1]
uart_write              0x08002b2f   0x4e  Code  Gb  gs.o [1]
uart_write_string       0x08002adb   0x54  Code  Gb  gs.o [1]
write_flash             0x08003049   0x84  Code  Gb  gs.o [1]


[1] = D:\ZIX_GS\Software\IAR\Boards\ST\IAR\Debug\Obj
[2] = command line
[3] = dl7M_tln.a
[4] = m7M_tl.a
[5] = rt7M_tl.a
[6] = shb_l.a

  29 597 bytes of readonly  code memory
   1 283 bytes of readonly  data memory
  10 140 bytes of readwrite data memory

Errors: none
Warnings: none
